// Jest Snapshot v1, https://goo.gl/fbAQLP

exports[`Component: <Header /> should successfully render component 1`] = `
<header>
  <h2>
    React TV App
  </h2>
  <ul>
    <li>
      <NavLink
        activeClassName="is-active"
        to="/dashboard"
      >
        Dashboard
      </NavLink>
    </li>
    <li>
      <NavLink
        activeClassName="is-active"
        to="/search"
      >
        Search
      </NavLink>
    </li>
  </ul>
</header>
`;
